(6970, '17[G마켓] 갤럭시 자급제 S26 / S26플러스 / S26울트라 / 폴드7 / 플립7 / S25FE / A36 / A17', '0', '2026-05-16 01:42:00.000000', '17 S26 S25FE A36 A17', None)
(5856, '갤럭시 S26 256GB 자급제 색상4종', '1009000', '2026-05-13 12:06:00.000000', 'S26 256GB', None)
(5866, '삼성전자 갤럭시 S26플러스 512GB 자급제', '1311290', '2026-05-13 12:05:00.000000', 'Samsung 512GB', None)
(4984, '[11번가] 삼성전자 갤럭시S26 256GB, 자급제 (989,880원)', '989880', '2026-05-10 07:22:00.000000', 'Samsung 256GB', None)
(3431, '갤럭시 s26 울트라 맥세이프 천연가죽 케이스(2,590원)', '2590', '2026-05-06 15:00:00.000000', 's26', None)
(1693, '[쿠팡] 갤럭시 S26 울트라 256GB 1,287,510원', '1287510', '2026-05-05 15:00:00.000000', 'S26 256GB 287', None)
(714, '[알리] 삼성 갤럭시 S26 울트라 1TB 자급제', '1800932', '2026-05-04 05:34:33.000000', 'Samsung S26 1TB', None)
(788, '갤럭시 s26 울트라 512g(1,441,347원)', '1441347', '2026-05-03 15:00:00.000000', 's26 512g', None)
(905, '[이마트일렉트로마트] 갤럭시 S26 시리즈 울트라 체감가 120', '1200000', '2026-04-30 15:00:00.000000', '갤럭시 S26 시리즈 울트라', None)
(906, '[이마트일렉트로마트] 갤럭시 S26 시리즈 일반', '743000', '2026-04-30 15:00:00.000000', '갤럭시 S26 시리즈 일반', None)
